// Jest Snapshot v1, https://goo.gl/fbAQLP

exports[`Test Stepper Snapshots Render Stepper 1`] = `
<div>
  <div
    class="brz-ed-control__stepper"
  >
    <div
      class="brz-ed-control__stepper--value"
    >
      <input
        class="brz-auto-correcting-input brz-auto-correcting-input--stepper brz-auto-correcting-input--stepper-auto brz-input brz-ed-control__input"
        max="100"
        min="0"
        step="1"
        type="number"
        value="0"
      />
    </div>
    <div
      class="brz-ed-control__stepper--arrows"
    >
      <div
        class="brz-ed-control__stepper--up"
      >
        <svg
          class="brz-icon-svg brz-ed-icon-svg align-[initial]"
          height="1em"
          viewBox="0 0 16 16"
          width="1em"
        >
          <g>
            <g>
              <path
                d="M15.108,12.41L8,6.317L0.892,12.41l-1.302-1.519l7.759-6.65c0.375-0.322,0.927-0.322,1.302,0l7.759,6.65 L15.108,12.41z"
                fill="currentColor"
              />
            </g>
          </g>
        </svg>
      </div>
      <div
        class="brz-ed-control__stepper--down"
      >
        <svg
          class="brz-icon-svg brz-ed-icon-svg align-[initial]"
          height="1em"
          viewBox="0 0 16 16"
          width="1em"
        >
          <g>
            <g>
              <path
                d="M8,12c-0.232,0-0.463-0.08-0.651-0.241l-7.759-6.65L0.892,3.59L8,9.683l7.108-6.093l1.302,1.519l-7.759,6.65 C8.463,11.92,8.232,12,8,12z"
                fill="currentColor"
              />
            </g>
          </g>
        </svg>
      </div>
    </div>
  </div>
</div>
`;
