// Jest Snapshot v1, https://goo.gl/fbAQLP

exports[`Test Scrollbar Snapshots Scrollbar with dark theme 1`] = `
<div
  style="position: relative; overflow: hidden; width: 100%; height: 100%;"
>
  <div
    style="position: absolute; top: 0px; left: 0px; right: 0px; bottom: 0px; overflow: scroll; margin-right: 0px; margin-bottom: 0px;"
  >
     
    <div>
      Lorem ipsum dolor sit amet, consectetur adipiscing elit. Nullam at sapien ut dolor suscipit posuere ut quis urna. Vivamus laoreet volutpat mollis. Maecenas in lacinia nisi, at sagittis odio. Fusce auctor ante id ante hendrerit, eget varius quam interdum. Nunc eu mi sit amet turpis ullamcorper pulvinar in sit amet sapien. Praesent ut ex ac nisl laoreet pharetra a eu velit. Donec ac felis tellus. Aliquam tempor lacus in dapibus egestas. Donec vulputate efficitur tellus nec tincidunt. Nulla a pharetra dolor. Suspendisse in mi mollis, vulputate risus vel, varius lorem. Nunc bibendum leo eget odio posuere venenatis non ut diam. Mauris fermentum est non elit consequat bibendum. Vestibulum sodales lectus lacus, nec gravida lectus ullamcorper eu. Quisque accumsan quis quam at aliquet. Aliquam consectetur, ante sed faucibus ornare, lacus arcu semper quam, a facilisis ipsum est vel arcu. Phasellus ipsum nunc, vehicula in erat efficitur, faucibus maximus odio. Sed placerat feugiat odio vitae malesuada. Pellentesque sodales, ex eget feugiat euismod, odio odio consectetur nisl, ac imperdiet libero libero in sem. In ac ante quis leo lobortis iaculis. Nam ornare quam turpis, vitae ultrices turpis efficitur quis. Aenean metus ex, gravida commodo pharetra pharetra, lacinia sit amet est. Fusce venenatis nisi eu urna blandit accumsan. Donec iaculis suscipit sagittis. Nam semper quam justo, id placerat justo molestie at.
    </div>
  </div>
  <div
    style="position: absolute; height: 6px; display: none; right: 2px; bottom: 2px; left: 2px; border-radius: 3px;"
  >
    <div
      class="brz-scrollColor__dark"
      style="position: relative; display: block; height: 100%; border-radius: inherit;"
    />
  </div>
  <div
    style="position: absolute; width: 6px; display: none; right: 2px; bottom: 2px; top: 2px; border-radius: 3px;"
  >
    <div
      class="brz-scrollColor__dark"
      style="position: relative; display: block; width: 100%; border-radius: inherit;"
    />
  </div>
</div>
`;

exports[`Test Scrollbar Snapshots Scrollbar with light theme 1`] = `
<div
  style="position: relative; overflow: hidden; width: 100%; height: 100%;"
>
  <div
    style="position: absolute; top: 0px; left: 0px; right: 0px; bottom: 0px; overflow: scroll; margin-right: 0px; margin-bottom: 0px;"
  >
     
    <div>
      Lorem ipsum dolor sit amet, consectetur adipiscing elit. Nullam at sapien ut dolor suscipit posuere ut quis urna. Vivamus laoreet volutpat mollis. Maecenas in lacinia nisi, at sagittis odio. Fusce auctor ante id ante hendrerit, eget varius quam interdum. Nunc eu mi sit amet turpis ullamcorper pulvinar in sit amet sapien. Praesent ut ex ac nisl laoreet pharetra a eu velit. Donec ac felis tellus. Aliquam tempor lacus in dapibus egestas. Donec vulputate efficitur tellus nec tincidunt. Nulla a pharetra dolor. Suspendisse in mi mollis, vulputate risus vel, varius lorem. Nunc bibendum leo eget odio posuere venenatis non ut diam. Mauris fermentum est non elit consequat bibendum. Vestibulum sodales lectus lacus, nec gravida lectus ullamcorper eu. Quisque accumsan quis quam at aliquet. Aliquam consectetur, ante sed faucibus ornare, lacus arcu semper quam, a facilisis ipsum est vel arcu. Phasellus ipsum nunc, vehicula in erat efficitur, faucibus maximus odio. Sed placerat feugiat odio vitae malesuada. Pellentesque sodales, ex eget feugiat euismod, odio odio consectetur nisl, ac imperdiet libero libero in sem. In ac ante quis leo lobortis iaculis. Nam ornare quam turpis, vitae ultrices turpis efficitur quis. Aenean metus ex, gravida commodo pharetra pharetra, lacinia sit amet est. Fusce venenatis nisi eu urna blandit accumsan. Donec iaculis suscipit sagittis. Nam semper quam justo, id placerat justo molestie at.
    </div>
  </div>
  <div
    style="position: absolute; height: 6px; display: none; right: 2px; bottom: 2px; left: 2px; border-radius: 3px;"
  >
    <div
      class="brz-scrollColor__light"
      style="position: relative; display: block; height: 100%; border-radius: inherit;"
    />
  </div>
  <div
    style="position: absolute; width: 6px; display: none; right: 2px; bottom: 2px; top: 2px; border-radius: 3px;"
  >
    <div
      class="brz-scrollColor__light"
      style="position: relative; display: block; width: 100%; border-radius: inherit;"
    />
  </div>
</div>
`;
