// Jest Snapshot v1, https://goo.gl/fbAQLP

exports[`Test FontFamily Snapshots Render font list 1`] = `
<div
  class="brz-ed-font__typography"
>
  <div
    style="position: relative; overflow: hidden; width: 100%; height: 100%;"
  >
    <div
      style="position: absolute; top: 0px; left: 0px; right: 0px; bottom: 0px; overflow: scroll; margin-right: 0px; margin-bottom: 0px;"
    >
      <div
        class="brz-ed-font__name"
        style="font-family: Noto Serif, serif; font-size: 17px;"
      >
        Noto Serif
      </div>
      <div
        class="brz-ed-font__name"
        style="font-family: Montserrat, sans-serif; font-size: 17px;"
      >
        Montserrat
      </div>
      <div
        class="brz-ed-font__name"
        style="font-family: Lato, sans-serif; font-size: 17px;"
      >
        Lato
      </div>
      <div
        class="brz-ed-font__name active"
        style="font-family: Overpass, sans-serif; font-size: 17px;"
      >
        Overpass
      </div>
      <div
        class="brz-ed-font__name"
        style="font-family: Red Hat Text, sans-serif; font-size: 17px;"
      >
        Red Hat Text
      </div>
      <div
        class="brz-ed-font__name"
        style="font-family: DM Serif Text, serif; font-size: 17px;"
      >
        DM Serif Text
      </div>
      <div
        class="brz-ed-font__name"
        style="font-family: Blinker, sans-serif; font-size: 17px;"
      >
        Blinker
      </div>
      <div
        class="brz-ed-font__name"
        style="font-family: Aleo, serif; font-size: 17px;"
      >
        Aleo
      </div>
      <div
        class="brz-ed-font__name"
        style="font-family: Nunito, sans-serif; font-size: 17px;"
      >
        Nunito
      </div>
    </div>
    <div
      style="position: absolute; height: 6px; display: none; right: 2px; bottom: 2px; left: 2px; border-radius: 3px;"
    >
      <div
        class="brz-scrollColor__dark"
        style="position: relative; display: block; height: 100%; border-radius: inherit;"
      />
    </div>
    <div
      style="position: absolute; width: 6px; display: none; right: 2px; bottom: 2px; top: 2px; border-radius: 3px;"
    >
      <div
        class="brz-scrollColor__dark"
        style="position: relative; display: block; width: 100%; border-radius: inherit;"
      />
    </div>
  </div>
  <div
    class="brz-ed-font__typography-adder"
  >
    <svg
      class="brz-icon-svg brz-ed-icon-svg align-[initial]"
      fill="currentColor"
      height="1em"
      viewBox="0 0 16 16"
      width="1em"
    >
      <g>
        <path
          d="M8 0C3.6 0 0 3.6 0 8s3.6 8 8 8 8-3.6 8-8-3.6-8-8-8zm4 9H9v3H7V9H4V7h3V4h2v3h3v2z"
          fill="currentColor"
        />
      </g>
    </svg>
    Add New Font
  </div>
</div>
`;

exports[`Test FontFamily Snapshots Render without addFontLabel prop 1`] = `
<div
  class="brz-ed-font__typography"
>
  <div
    style="position: relative; overflow: hidden; width: 100%; height: 100%;"
  >
    <div
      style="position: absolute; top: 0px; left: 0px; right: 0px; bottom: 0px; overflow: scroll; margin-right: 0px; margin-bottom: 0px;"
    >
      <div
        class="brz-ed-font__name"
        style="font-family: Noto Serif, serif; font-size: 17px;"
      >
        Noto Serif
      </div>
      <div
        class="brz-ed-font__name"
        style="font-family: Montserrat, sans-serif; font-size: 17px;"
      >
        Montserrat
      </div>
      <div
        class="brz-ed-font__name"
        style="font-family: Lato, sans-serif; font-size: 17px;"
      >
        Lato
      </div>
      <div
        class="brz-ed-font__name active"
        style="font-family: Overpass, sans-serif; font-size: 17px;"
      >
        Overpass
      </div>
      <div
        class="brz-ed-font__name"
        style="font-family: Red Hat Text, sans-serif; font-size: 17px;"
      >
        Red Hat Text
      </div>
      <div
        class="brz-ed-font__name"
        style="font-family: DM Serif Text, serif; font-size: 17px;"
      >
        DM Serif Text
      </div>
      <div
        class="brz-ed-font__name"
        style="font-family: Blinker, sans-serif; font-size: 17px;"
      >
        Blinker
      </div>
      <div
        class="brz-ed-font__name"
        style="font-family: Aleo, serif; font-size: 17px;"
      >
        Aleo
      </div>
      <div
        class="brz-ed-font__name"
        style="font-family: Nunito, sans-serif; font-size: 17px;"
      >
        Nunito
      </div>
    </div>
    <div
      style="position: absolute; height: 6px; display: none; right: 2px; bottom: 2px; left: 2px; border-radius: 3px;"
    >
      <div
        class="brz-scrollColor__dark"
        style="position: relative; display: block; height: 100%; border-radius: inherit;"
      />
    </div>
    <div
      style="position: absolute; width: 6px; display: none; right: 2px; bottom: 2px; top: 2px; border-radius: 3px;"
    >
      <div
        class="brz-scrollColor__dark"
        style="position: relative; display: block; width: 100%; border-radius: inherit;"
      />
    </div>
  </div>
  <div
    class="brz-ed-font__typography-adder"
  >
    <svg
      class="brz-icon-svg brz-ed-icon-svg align-[initial]"
      fill="currentColor"
      height="1em"
      viewBox="0 0 16 16"
      width="1em"
    >
      <g>
        <path
          d="M8 0C3.6 0 0 3.6 0 8s3.6 8 8 8 8-3.6 8-8-3.6-8-8-8zm4 9H9v3H7V9H4V7h3V4h2v3h3v2z"
          fill="currentColor"
        />
      </g>
    </svg>
    Add New Font
  </div>
</div>
`;
