// Jest Snapshot v1, https://goo.gl/fbAQLP

exports[`InputHex Snapshots Changing value 1`] = `
<input
  type="text"
  value="#eeeeee"
/>
`;

exports[`InputHex Snapshots renders without errors 1`] = `
<div
  class="brz-ed-control__input2 brz-ed-control__input-hex brz-ed-control__input2--auto"
>
  <input
    type="text"
    value="#000000"
  />
</div>
`;
