// Jest Snapshot v1, https://goo.gl/fbAQLP

exports[`Test ImageUpload Snapshots Image upload renders correctly 1`] = `
<label
  class="brz-ed-control__imageUpload"
>
  <svg
    class="brz-icon-svg brz-ed-icon-svg align-[initial] brz-ed-control__gallery__item__icon"
    fill="currentColor"
    height="1em"
    viewBox="0 0 16 16"
    width="1em"
  >
    <g>
      <path
        d="M8 0C3.6 0 0 3.6 0 8s3.6 8 8 8 8-3.6 8-8-3.6-8-8-8zm4 9H9v3H7V9H4V7h3V4h2v3h3v2z"
        fill="currentColor"
      />
    </g>
  </svg>
</label>
`;
