// Jest Snapshot v1, https://goo.gl/fbAQLP

exports[`ReloadButton component Snapshots renders correctly 1`] = `
<DocumentFragment>
  <div
    class="brz-ed-control__button brz-ed-control__button-center brz-ed-control__reload-button"
  >
    <span
      class="brz-ed-control__label"
    >
      Replay Animation
    </span>
  </div>
</DocumentFragment>
`;
