// Jest Snapshot v1, https://goo.gl/fbAQLP

exports[`Test Range Snapshots Render Range 1`] = `
<div>
  <div
    class="brz-ed-control__range custom-classname"
  >
    <div
      class="rc-slider"
    >
      <div
        class="rc-slider-rail"
      />
      <div
        class="rc-slider-track rc-slider-track-1"
        style="left: 0%; width: 100%;"
      />
      <div
        class="rc-slider-step"
      />
      <div
        aria-disabled="false"
        aria-valuemax="100"
        aria-valuemin="0"
        aria-valuenow="0"
        class="rc-slider-handle rc-slider-handle-1 brz-ed-rc-slider-handle brz-ed-rc-slider-handle--active"
        role="slider"
        style="left: 0%;"
        tabindex="0"
      />
      <div
        aria-disabled="false"
        aria-valuemax="100"
        aria-valuemin="0"
        aria-valuenow="100"
        class="rc-slider-handle rc-slider-handle-2 brz-ed-rc-slider-handle"
        role="slider"
        style="left: 100%;"
        tabindex="0"
      />
      <div
        class="rc-slider-mark"
      />
    </div>
  </div>
</div>
`;
